<!DOCTYPE html PUBLIC "-//W3C//DTD XHTML 1.0 Transitional//EN" "http://www.w3.org/TR/xhtml1/DTD/xhtml1-transitional.dtd"><html xmlns="http://www.w3.org/1999/xhtml"><head>
        <meta http-equiv="Content-Type" content="text/html; charset=UTF-8" />
        <title>Simple!</title>

        <style type="text/css">
            * {
	margin:0;
	padding:0;
}
* { font-family: sans-serif; }

a { color: #2BA6CB;}

.btn {
	color: #FFF;
	padding:10px 16px;
	margin-right:10px;
}
        </style>
    </head>
    <body style="font-family: sans-serif; margin: 0; padding: 0;">
        <a class="btn" style="font-family: sans-serif; margin: 0 10px 0 0; padding: 10px 16px; color: #2ba6cb;" href="http://microsoft.com">Simple</a>
    

</body></html>